---
source: src/markdown.rs
expression: term.backend()
---
"one soft                                     "
"                                             "
"hard                                         "
"                                             "
"double hard                                  "
"                                             "
